Turbo Assembler	 Version 4.1	    02/19/26 23:12:01	    Page 1
vram.asm



      1	0000			     .model tiny
      2
      3	0000			     .data
      4
      5	      =	0dh, 0ah	     CRLF		 equ 0dh, 0ah
      6
      7	0000  68 65 6C 6C 6F 20	77+  DEFAULT_STR     db	'hello world', CRLF
      8	      6F 72 6C 64 0D 0A
      9	      =000B		     DEFAULT_STR_LEN equ $ - DEFAULT_STR - 2
     10
     11	000D			     .code
     12				     org 100h
     13
     14	      =B800		     VRAMSEGMENT     equ 0b800h
     15	      =0080		     ARGCNT_ADDR     equ 80h
     16	      =0081		     CMDARG_ADDR     equ 81h
     17	      =0004		     COLATTRIB	     equ 00000100b
     18	      =0019		     SCREENH	     equ 19h
     19	      =00A0		     SCREENW	     equ 2*50h
     20	      =0004		     B_OFFSET	 equ 4h
     21	      =002F		     CTRL_CHR	 equ 2fh
     22
     23	      =0023		     DEF_BORD_CHR equ 023h
     24
     25				     locals @@
     26
     27	0100  E8 0005		     Start:		 call Main
     28
     29	0103  B8 004C		     Exit:	     mov ax, 004ch
     30	0106  CD 21				     int 21h
     31
     32				     ;-------------------------------------
     33				     ; Main func
     34				     ;-------------------------------------
     35	0108			     Main		 proc
     36
     37	0108  55				     push bp
     38	0109  8B EC				     mov bp, sp
     39
     40
     41	010B  BE 0080				     mov si, ARGCNT_ADDR
     42	010E  8A 0C				     mov byte ptr cl, [si]	 ; cx =	str_len
     43
     44	0110  E3 F1				     jcxz Exit
     45
     46	0112  50 55 8B EC C7 46	02+		     push CTRL_CHR
     47	      002F 5D
     48	011C  51				     push cx
     49	011D  50 55 8B EC C7 46	02+		     push CMDARG_ADDR
     50	      0081 5D
     51	0127  E8 0048				     call StrChr
     52	012A  83 C4 06				     add sp, 6h
     53
     54	012D  8A 04				     mov byte ptr al, [si]
     55	012F  3B C1				     cmp ax, cx
     56	0131  75 0D				     jne @@else
     57	0133  50 55 8B EC C7 46	02+		     push DEF_BORD_CHR
Turbo Assembler	 Version 4.1	    02/19/26 23:12:01	    Page 2
vram.asm



     58	      0023 5D
     59	013D  EB 0A 90				     jmp @@if_end
     60	0140  BF 0081		     @@else:	     mov di, CMDARG_ADDR
     61	0143  03 F9				     add di, cx
     62	0145  8A 05				     mov byte ptr al, [di]
     63	0147  49				     dec cx
     64	0148  50				     push ax
     65	0149			     @@if_end:
     66	0149  BE 0081				     mov si, CMDARG_ADDR
     67	014C  BF 07D0				     mov di, SCREENW * (SCREENH	/ 2) + SCREENW / 2
     68	014F  B8 B800				     mov ax, VRAMSEGMENT
     69	0152  8E C0				     mov es, ax
     70	0154  B4 04				     mov ah, COLATTRIB
     71	0156  8B D1				     mov dx, cx
     72	0158  D1 EA				     shr dx, 1h
     73	015A  D1 E2				     sal dx, 1h
     74	015C  2B FA				     sub di, dx				 ; pox_y -= str_len / 2
     75
     76	015E  57				     push di
     77	015F  51				     push cx
     78
     79	0160  E8 0027				     call PrintStr
     80
     81	0163  59				     pop cx
     82	0164  5F				     pop di
     83	0165  58				     pop ax
     84	0166  81 EF 00A4			     sub di, B_OFFSET +	SCREENW
     85
     86	016A  57				     push di
     87	016B  50				     push ax
     88	016C  51				     push cx
     89
     90	016D  E8 0021				     call RectBorder
     91
     92	0170  5D				     pop bp
     93	0171  C3				     ret
     94	0172			     Main	     endp
     95
     96				     ;-------------------------------------
     97
     98
     99
    100				     ;-------------------------------------
    101				     ; Find symbol in string
    102				     ; Entry: stack[0] --> string
    103				     ;	      stack[2]	 = string length
    104				     ;	      stack[4]	 = charachter to find
    105				     ; Exit:  CX	 = charachter position
    106				     ; Assum: ES points	to string segment
    107				     ; Destr: AX, DI
    108				     ; Notes: Cdecl
    109				     ;-------------------------------------
    110
    111	0172			     StrChr	     proc
    112
    113	0172  55				     push bp
    114	0173  8B EC				     mov bp, sp
Turbo Assembler	 Version 4.1	    02/19/26 23:12:01	    Page 3
vram.asm



    115
    116	0175  8B 7E 04				     mov word ptr di, [bp+4]
    117	0178  8B 4E 06				     mov word ptr cx, [bp+6]
    118	017B  8A 46 08				     mov byte ptr al, [bp+8]
    119
    120	017E  FC				     cld			 ; clear direction flag
    121
    122	017F  F2> AE				     repne scasb		 ; while(cx--) if(al ==	es:[di++]) break;
    123										 ; cx =	len - pos
    124
    125	0181  8B 46 06				     mov word ptr ax, [bp+6]
    126	0184  F7 D9				     neg cx
    127	0186  03 C8				     add cx, ax
    128
    129	0188  5D				     pop bp
    130	0189  C3				     ret
    131	018A			     StrChr	     endp
    132
    133				     ;-------------------------------------
    134
    135
    136				     ;-------------------------------------
    137				     ; Print string
    138				     ;
    139				     ; Entry: DS:SI -->	string
    140				     ;	      ES:DI -->	vram addr
    141				     ;	      CX    =	string length
    142				     ; Destr: SI, DI, CX
    143				     ;-------------------------------------
    144
    145	018A			     PrintStr	     proc
    146
    147	018A  AC		     @@loopv:	     lodsb		     ; al = ds:[si]; ++si
    148	018B  AB				     stosw		     ; es:[di] = ah; ++di
    149	018C  FE C9				     dec cl
    150	018E  75 FA				     jnz @@loopv
    151
    152	0190  C3				     ret
    153	0191			     PrintStr	     endp
    154
    155				     ;-------------------------------------
    156
    157				     ;-------------------------------------
    158				     ; Draw rectangular	border
    159				     ; Entry: stack[0] = top left corner
    160				     ;	      stack[2] = char
    161				     ;	      stack[3] = color attribute
    162				     ;	      stack[4] = height
    163				     ;	      stack[5] = width
    164				     ; Exit:  none
    165				     ; Assum: ES points	to VRAM	segment
    166				     ; Destr: AX, CX, DX, DI
    167				     ; Note:  Pascal
    168				     ;-------------------------------------
    169
    170	0191			     RectBorder	     proc
    171
Turbo Assembler	 Version 4.1	    02/19/26 23:12:01	    Page 4
vram.asm



    172	0191  55				     push bp
    173	0192  8B EC				     mov bp, sp
    174
    175	0194  8B 4E 04				     mov word ptr cx, [bp+4]
    176	0197  8B 46 06				     mov word ptr ax, [bp+6]
    177	019A  8B 7E 08				     mov word ptr di, [bp+8]
    178	019D  32 ED				     xor ch, ch
    179
    180	019F  E8 001F				     call VerticalLine
    181
    182	01A2  8A 4E 09				     mov byte ptr cl, [bp+9]
    183	01A5  80 C1 04				     add cl, B_OFFSET
    184
    185	01A8  E8 0030				     call HorizontalLine
    186
    187	01AB  8A 4E 08				     mov byte ptr cl, [bp+8]
    188	01AE  B5 01				     mov ch, 1h
    189
    190	01B0  E8 000E				     call VerticalLine
    191
    192	01B3  8A 4E 09				     mov byte ptr cl, [bp+9]
    193	01B6  80 C1 04				     add cl, B_OFFSET
    194
    195	01B9  E8 001F				     call HorizontalLine
    196
    197	01BC  83 C4 06				     add sp, 6h
    198	01BF  5D				     pop bp
    199	01C0  C3				     ret
    200	01C1			     RectBorder	     endp
    201
    202				     ;-------------------------------------
    203
    204				     ;-------------------------------------
    205				     ; Ouputs vertical line of given length
    206				     ;
    207				     ; Entry: ES:DI = first line point
    208				     ;	      AL    = char
    209				     ;	      AH    = color attribute
    210				     ;	      CL    = length
    211				     ;	      CH    = direction
    212				     ; Exit:  DI  --> last line	point
    213				     ; Destr: CL, DX
    214				     ;-------------------------------------
    215
    216	01C1			     VerticalLine    proc
    217
    218	01C1  80 FD 00				     cmp ch, 0
    219	01C4  74 06				     je	@@if
    220	01C6  BA FF60				     mov dx, -SCREENW
    221	01C9  EB 04 90				     jmp @@endif
    222	01CC  BA 00A0		     @@if:	     mov dx, SCREENW
    223	01CF			     @@endif:
    224
    225	01CF  26: 89 05		     @@loopv:	     mov word ptr es:[di], ax
    226	01D2  03 FA				     add di, dx
    227	01D4  FE C9				     dec cl
    228	01D6  75 F7				     jnz @@loopv
Turbo Assembler	 Version 4.1	    02/19/26 23:12:01	    Page 5
vram.asm



    229
    230	01D8  2B FA				     sub di, dx
    231
    232	01DA  C3				     ret
    233	01DB			     VerticalLine    endp
    234
    235				     ;-------------------------------------
    236
    237				     ;-------------------------------------
    238				     ; Ouputs horizontal line of given length
    239				     ;
    240				     ; Entry: ES:DI = first line point
    241				     ;	      AL    = char
    242				     ;	      AH    = color attribute
    243				     ;	      CL    = length
    244				     ;	      CH    = direction
    245				     ; Exit:  DI  --> last line	point
    246				     ; Destr: CL, DX
    247				     ;-------------------------------------
    248
    249	01DB			     HorizontalLine  proc
    250
    251	01DB  80 FD 00				     cmp ch, 0
    252	01DE  74 06				     je	@@if
    253	01E0  BA FFFE				     mov dx, -2h
    254	01E3  EB 04 90				     jmp @@endif
    255	01E6  BA 0002		     @@if:	     mov dx, 2h
    256	01E9			     @@endif:
    257
    258	01E9  26: 89 05		     @@loopv:	     mov word ptr es:[di], ax
    259	01EC  03 FA				     add di, dx
    260	01EE  FE C9				     dec cl
    261	01F0  75 F7				     jnz @@loopv
    262
    263	01F2  2B FA				     sub di, dx
    264
    265	01F4  C3				     ret
    266	01F5			     HorizontalLine  endp
    267
    268				     ;-------------------------------------
    269
    270				     end Start
Turbo Assembler	 Version 4.1	    02/19/26 23:12:01	    Page 6
Symbol Table




Symbol Name			  Type	 Value

??DATE				  Text	 "02/19/26"
??FILENAME			  Text	 "vram	  "
??TIME				  Text	 "23:12:01"
??VERSION			  Number 040A
@32BIT				  Text	 0
@@ELSE				  Near	 DGROUP:0140
@@ENDIF				  Near	 DGROUP:01CF
@@ENDIF				  Near	 DGROUP:01E9
@@IF				  Near	 DGROUP:01CC
@@IF				  Near	 DGROUP:01E6
@@IF_END			  Near	 DGROUP:0149
@@LOOPV				  Near	 DGROUP:018A
@@LOOPV				  Near	 DGROUP:01CF
@@LOOPV				  Near	 DGROUP:01E9
@CODE				  Text	 DGROUP
@CODESIZE			  Text	 0
@CPU				  Text	 0101H
@CURSEG				  Text	 _TEXT
@DATA				  Text	 DGROUP
@DATASIZE			  Text	 0
@FILENAME			  Text	 VRAM
@INTERFACE			  Text	 000H
@MODEL				  Text	 1
@STACK				  Text	 DGROUP
@WORDSIZE			  Text	 2
ARGCNT_ADDR			  Number 0080
B_OFFSET			  Number 0004
CMDARG_ADDR			  Number 0081
COLATTRIB			  Number 0004
CRLF				  Text	 0dh, 0ah
CTRL_CHR			  Number 002F
DEFAULT_STR			  Byte	 DGROUP:0000
DEFAULT_STR_LEN			  Number 000B
DEF_BORD_CHR			  Number 0023
EXIT				  Near	 DGROUP:0103
HORIZONTALLINE			  Near	 DGROUP:01DB
MAIN				  Near	 DGROUP:0108
PRINTSTR			  Near	 DGROUP:018A
RECTBORDER			  Near	 DGROUP:0191
SCREENH				  Number 0019
SCREENW				  Number 00A0
START				  Near	 DGROUP:0100
STRCHR				  Near	 DGROUP:0172
VERTICALLINE			  Near	 DGROUP:01C1
VRAMSEGMENT			  Number B800

Groups & Segments		  Bit Size Align  Combine Class

DGROUP				  Group
  _DATA				  16  000D Word	  Public  DATA
  _TEXT				  16  01F5 Word	  Public  CODE
