Turbo Assembler	 Version 4.1	    02/19/26 22:42:50	    Page 1
vram.asm



      1	0000			     .model tiny
      2
      3	0000			     .data
      4
      5	      =	0dh, 0ah	     CRLF		 equ 0dh, 0ah
      6
      7	0000  68 65 6C 6C 6F 20	77+  DEFAULT_STR     db	'hello world', CRLF
      8	      6F 72 6C 64 0D 0A
      9	      =000B		     DEFAULT_STR_LEN equ $ - DEFAULT_STR - 2
     10
     11	000D			     .code
     12				     org 100h
     13
     14	      =B800		     VRAMSEGMENT     equ 0b800h
     15	      =0080		     ARGCNT_ADDR     equ 80h
     16	      =0081		     CMDARG_ADDR     equ 81h
     17	      =0004		     COLATTRIB	     equ 00000100b
     18	      =0019		     SCREENH	     equ 19h
     19	      =00A0		     SCREENW	     equ 2*50h
     20	      =0004		     B_OFFSET	 equ 4h
     21	      =002F		     CTRL_CHR	 equ 2fh
     22
     23	      =0023		     DEF_BORD_CHR equ 023h
     24
     25				     locals @@
     26
     27	0100  E8 0005		     Start:		 call Main
     28
     29	0103  B8 004C		     Exit:	     mov ax, 004ch
     30	0106  CD 21				     int 21h
     31
     32				     ;-------------------------------------
     33				     ; Main func
     34				     ;-------------------------------------
     35	0108			     Main		 proc
     36
     37	0108  55				     push bp
     38	0109  8B EC				     mov bp, sp
     39
     40
     41	010B  BE 0080				     mov si, ARGCNT_ADDR
     42	010E  8A 0C				     mov byte ptr cl, [si]	 ; cx =	str_len
     43
     44	0110  E3 F1				     jcxz Exit
     45
     46	0112  50 55 8B EC C7 46	02+		     push CTRL_CHR
     47	      002F 5D
     48	011C  51				     push cx
     49	011D  50 55 8B EC C7 46	02+		     push CMDARG_ADDR
     50	      0081 5D
     51	0127  E8 004F				     call StrChr
     52	012A  83 C4 06				     add sp, 6h
     53
     54	012D  8A 04				     mov byte ptr al, [si]
     55	012F  3B C1				     cmp ax, cx
     56	0131  75 0D				     jne @@else
     57	0133  50 55 8B EC C7 46	02+		     push DEF_BORD_CHR
Turbo Assembler	 Version 4.1	    02/19/26 22:42:50	    Page 2
vram.asm



     58	      0023 5D
     59	013D  EB 0A 90				     jmp @@if_end
     60	0140  BF 0081		     @@else:	     mov di, CMDARG_ADDR
     61	0143  03 F9				     add di, cx
     62	0145  8A 05				     mov byte ptr al, [di]
     63	0147  49				     dec cx
     64	0148  50				     push ax
     65	0149			     @@if_end:
     66	0149  BE 0081				     mov si, CMDARG_ADDR
     67	014C  BF 07D0				     mov di, SCREENW * (SCREENH	/ 2) + SCREENW / 2
     68	014F  B8 B800				     mov ax, VRAMSEGMENT
     69	0152  8E C0				     mov es, ax
     70	0154  B4 04				     mov ah, COLATTRIB
     71	0156  8B D1				     mov dx, cx
     72	0158  D1 EA				     shr dx, 1h
     73	015A  D1 E2				     sal dx, 1h
     74	015C  2B FA				     sub di, dx				 ; pox_y -= str_len / 2
     75
     76	015E  57				     push di
     77	015F  51				     push cx
     78
     79	0160  E8 002E				     call PrintStr
     80
     81	0163  8A 46 FE				     mov byte ptr al, [bp-2]
     82	0166  8B 7E FC				     mov word ptr di, [bp-4]
     83	0169  81 EF 00A4			     sub di, B_OFFSET +	SCREENW
     84	016D  B1 03				     mov cl, 3h
     85	016F  32 ED				     xor ch, ch
     86
     87	0171  E8 0024				     call RectBorder
     88
     89	0174  83 C4 06				     add sp, 6h
     90	0177  5D				     pop bp
     91	0178  C3				     ret
     92	0179			     Main	     endp
     93
     94				     ;-------------------------------------
     95
     96
     97
     98				     ;-------------------------------------
     99				     ; Find symbol in string
    100				     ; Entry: stack[0] --> string
    101				     ;	      stack[2]	 = string length
    102				     ;	      stack[4]	 = charachter to find
    103				     ; Exit:  CX	 = charachter position
    104				     ; Assum: ES points	to string segment
    105				     ; Destr: AX, DI
    106				     ; Notes: Cdecl
    107				     ;-------------------------------------
    108
    109	0179			     StrChr	     proc
    110
    111	0179  55				     push bp
    112	017A  8B EC				     mov bp, sp
    113
    114	017C  8B 7E 04				     mov word ptr di, [bp+4]
Turbo Assembler	 Version 4.1	    02/19/26 22:42:50	    Page 3
vram.asm



    115	017F  8B 4E 06				     mov word ptr cx, [bp+6]
    116	0182  8A 46 08				     mov byte ptr al, [bp+8]
    117
    118	0185  FC				     cld			 ; clear direction flag
    119
    120	0186  F2> AE				     repne scasb		 ; while(cx--) if(al ==	es:[di++]) break;
    121										 ; cx =	len - pos
    122
    123	0188  8B 46 06				     mov word ptr ax, [bp+6]
    124	018B  F7 D9				     neg cx
    125	018D  03 C8				     add cx, ax
    126
    127	018F  5D				     pop bp
    128	0190  C3				     ret
    129	0191			     StrChr	     endp
    130
    131				     ;-------------------------------------
    132
    133
    134				     ;-------------------------------------
    135				     ; Print string
    136				     ;
    137				     ; Entry: DS:SI -->	string
    138				     ;	      ES:DI -->	vram addr
    139				     ;	      CX    =	string length
    140				     ; Destr: SI, DI, CX
    141				     ;-------------------------------------
    142
    143	0191			     PrintStr	     proc
    144
    145	0191  AC		     @@loopv:	     lodsb		     ; al = ds:[si]; ++si
    146	0192  AB				     stosw		     ; es:[di] = ah; ++di
    147	0193  FE C9				     dec cl
    148	0195  75 FA				     jnz @@loopv
    149
    150	0197  C3				     ret
    151	0198			     PrintStr	     endp
    152
    153				     ;-------------------------------------
    154
    155				     ;-------------------------------------
    156				     ; Draw rectangular	border
    157				     ; Entry: stack[0] = top left corner
    158				     ;	      stack[2] = char
    159				     ;	      stack[3] = color attribute
    160				     ;	      stack[4] = height
    161				     ;	      stack[5] = width
    162				     ; Exit:  none
    163				     ; Assum: ES points	to VRAM	segment
    164				     ; Destr: AX, CX, DX, DI
    165				     ; Note:  Pascal
    166				     ;-------------------------------------
    167
    168	0198			     RectBorder	     proc
    169
    170	0198  55				     push bp
    171	0199  8B EC				     mov bp, sp
Turbo Assembler	 Version 4.1	    02/19/26 22:42:50	    Page 4
vram.asm



    172
    173	019B  8B 7E 04				     mov word ptr di, [bp+4]
    174	019E  8B 46 06				     mov word ptr ax, [bp+6]
    175	01A1  8A 4E 08				     mov byte ptr cl, [bp+8]
    176	01A4  32 ED				     xor ch, ch
    177
    178	01A6  E8 001F				     call VerticalLine
    179
    180	01A9  8A 4E 09				     mov byte ptr cl, [bp+9]
    181	01AC  80 C1 04				     add cl, B_OFFSET
    182
    183	01AF  E8 0030				     call HorizontalLine
    184
    185	01B2  8A 4E 08				     mov byte ptr cl, [bp+8]
    186	01B5  B5 01				     mov ch, 1h
    187
    188	01B7  E8 000E				     call VerticalLine
    189
    190	01BA  8A 4E 09				     mov byte ptr cl, [bp+9]
    191	01BD  80 C1 04				     add cl, B_OFFSET
    192
    193	01C0  E8 001F				     call HorizontalLine
    194
    195	01C3  83 C4 06				     add sp, 6h
    196	01C6  5D				     pop bp
    197	01C7  C3				     ret
    198	01C8			     RectBorder	     endp
    199
    200				     ;-------------------------------------
    201
    202				     ;-------------------------------------
    203				     ; Ouputs vertical line of given length
    204				     ;
    205				     ; Entry: ES:DI = first line point
    206				     ;	      AL    = char
    207				     ;	      AH    = color attribute
    208				     ;	      CL    = length
    209				     ;	      CH    = direction
    210				     ; Exit:  DI  --> last line	point
    211				     ; Destr: CL, DX
    212				     ;-------------------------------------
    213
    214	01C8			     VerticalLine    proc
    215
    216	01C8  80 FD 00				     cmp ch, 0
    217	01CB  74 06				     je	@@if
    218	01CD  BA FF60				     mov dx, -SCREENW
    219	01D0  EB 04 90				     jmp @@endif
    220	01D3  BA 00A0		     @@if:	     mov dx, SCREENW
    221	01D6			     @@endif:
    222
    223	01D6  26: 89 05		     @@loopv:	     mov word ptr es:[di], ax
    224	01D9  03 FA				     add di, dx
    225	01DB  FE C9				     dec cl
    226	01DD  75 F7				     jnz @@loopv
    227
    228	01DF  2B FA				     sub di, dx
Turbo Assembler	 Version 4.1	    02/19/26 22:42:50	    Page 5
vram.asm



    229
    230	01E1  C3				     ret
    231	01E2			     VerticalLine    endp
    232
    233				     ;-------------------------------------
    234
    235				     ;-------------------------------------
    236				     ; Ouputs horizontal line of given length
    237				     ;
    238				     ; Entry: ES:DI = first line point
    239				     ;	      AL    = char
    240				     ;	      AH    = color attribute
    241				     ;	      CL    = length
    242				     ;	      CH    = direction
    243				     ; Exit:  DI  --> last line	point
    244				     ; Destr: CL, DX
    245				     ;-------------------------------------
    246
    247	01E2			     HorizontalLine  proc
    248
    249	01E2  80 FD 00				     cmp ch, 0
    250	01E5  74 06				     je	@@if
    251	01E7  BA FFFE				     mov dx, -2h
    252	01EA  EB 04 90				     jmp @@endif
    253	01ED  BA 0002		     @@if:	     mov dx, 2h
    254	01F0			     @@endif:
    255
    256	01F0  26: 89 05		     @@loopv:	     mov word ptr es:[di], ax
    257	01F3  03 FA				     add di, dx
    258	01F5  FE C9				     dec cl
    259	01F7  75 F7				     jnz @@loopv
    260
    261	01F9  2B FA				     sub di, dx
    262
    263	01FB  C3				     ret
    264	01FC			     HorizontalLine  endp
    265
    266				     ;-------------------------------------
    267
    268				     end Start
Turbo Assembler	 Version 4.1	    02/19/26 22:42:50	    Page 6
Symbol Table




Symbol Name			  Type	 Value

??DATE				  Text	 "02/19/26"
??FILENAME			  Text	 "vram	  "
??TIME				  Text	 "22:42:49"
??VERSION			  Number 040A
@32BIT				  Text	 0
@@ELSE				  Near	 DGROUP:0140
@@ENDIF				  Near	 DGROUP:01D6
@@ENDIF				  Near	 DGROUP:01F0
@@IF				  Near	 DGROUP:01D3
@@IF				  Near	 DGROUP:01ED
@@IF_END			  Near	 DGROUP:0149
@@LOOPV				  Near	 DGROUP:0191
@@LOOPV				  Near	 DGROUP:01D6
@@LOOPV				  Near	 DGROUP:01F0
@CODE				  Text	 DGROUP
@CODESIZE			  Text	 0
@CPU				  Text	 0101H
@CURSEG				  Text	 _TEXT
@DATA				  Text	 DGROUP
@DATASIZE			  Text	 0
@FILENAME			  Text	 VRAM
@INTERFACE			  Text	 000H
@MODEL				  Text	 1
@STACK				  Text	 DGROUP
@WORDSIZE			  Text	 2
ARGCNT_ADDR			  Number 0080
B_OFFSET			  Number 0004
CMDARG_ADDR			  Number 0081
COLATTRIB			  Number 0004
CRLF				  Text	 0dh, 0ah
CTRL_CHR			  Number 002F
DEFAULT_STR			  Byte	 DGROUP:0000
DEFAULT_STR_LEN			  Number 000B
DEF_BORD_CHR			  Number 0023
EXIT				  Near	 DGROUP:0103
HORIZONTALLINE			  Near	 DGROUP:01E2
MAIN				  Near	 DGROUP:0108
PRINTSTR			  Near	 DGROUP:0191
RECTBORDER			  Near	 DGROUP:0198
SCREENH				  Number 0019
SCREENW				  Number 00A0
START				  Near	 DGROUP:0100
STRCHR				  Near	 DGROUP:0179
VERTICALLINE			  Near	 DGROUP:01C8
VRAMSEGMENT			  Number B800

Groups & Segments		  Bit Size Align  Combine Class

DGROUP				  Group
  _DATA				  16  000D Word	  Public  DATA
  _TEXT				  16  01FC Word	  Public  CODE
